08/19/26 01:26:03 EDT -0400 | ########## START ##########
08/19/26 01:26:03 EDT -0400 | [main 5acf8ad] 08/19/26 01:26:03 EDT -0400
08/19/26 01:26:03 EDT -0400 |  1 file changed, 1 insertion(+), 1 deletion(-)
08/19/26 01:26:04 EDT -0400 | Current branch main is up to date.
08/19/26 01:26:06 EDT -0400 | To github.com:FLARE-forecast/BVRE-data.git
08/19/26 01:26:06 EDT -0400 |    c1e736f..5acf8ad  main -> main
08/19/26 01:26:06 EDT -0400 | ##########  END  ##########
08/19/26 05:26:03 EDT -0400 | ########## START ##########
08/19/26 05:26:03 EDT -0400 | [main 0e75934] 08/19/26 05:26:03 EDT -0400
08/19/26 05:26:03 EDT -0400 |  1 file changed, 1 insertion(+), 1 deletion(-)
08/19/26 05:26:04 EDT -0400 | Current branch main is up to date.
08/19/26 05:26:06 EDT -0400 | To github.com:FLARE-forecast/BVRE-data.git
08/19/26 05:26:06 EDT -0400 |    5acf8ad..0e75934  main -> main
08/19/26 05:26:06 EDT -0400 | ##########  END  ##########
08/19/26 13:26:03 EDT -0400 | ########## START ##########
08/19/26 13:26:03 EDT -0400 | [main 1b62264] 08/19/26 13:26:03 EDT -0400
08/19/26 13:26:03 EDT -0400 |  1 file changed, 1 insertion(+), 1 deletion(-)
08/19/26 13:26:19 EDT -0400 | ssh: Could not resolve hostname github.com: Temporary failure in name resolution
08/19/26 13:26:19 EDT -0400 | fatal: Could not read from remote repository.
08/19/26 13:26:19 EDT -0400 | 
08/19/26 13:26:19 EDT -0400 | Please make sure you have the correct access rights
08/19/26 13:26:19 EDT -0400 | and the repository exists.
